
> sportslive@0.0.0 build
> vite build

[36mvite v8.0.0-beta.16 [32mbuilding client environment for production...[36m[39m
[2K
transforming...Γ£ô 34 modules transformed.
node.exe : 
[31mΓ£ù[39m Build 
failed in 309ms
At line:1 char:1
+ & "C:\Program 
Files\nodejs/node.exe" 
"C:\Users\muhammed 
niyas\AppData ...
+ ~~~~~~~~~~~~~~~~~~~~~
~~~~~~~~~~~~~~~~~~~~~~~
~~~~~~~~~~~~~~~~~~~~~~~
~~
    + CategoryInfo     
         : NotSpecifi  
  ed: ([31mΓ£ù[39m   
  Build failed in 3    
09ms:String) [], R    
emoteException
    + FullyQualifiedEr 
   rorId : NativeComm  
  andError
 
[31merror during 
build:
[31mBuild failed with 
1 error:

[31m[builtin:vite-tran
sform] Error:[0m 
Expected `,` or `)` 
but found `const`
    [38;5;246mΓò¡[0m
[38;5;246mΓöÇ[0m[38;5
;246m[[0m src/pages/Li
nkPage.jsx:16:3 
[38;5;246m][0m
    [38;5;246mΓöé[0m
 [38;5;246m 9 Γöé[0m 
[38;5;249m 
[0m[38;5;249m 
[0m[38;5;249m 
[0m[38;5;249m 
[0m[38;5;249m 
[0m[38;5;249m 
[0m[38;5;249m 
[0m[38;5;249m [0m[3
8;5;249mr[0m[38;5;249
me[0m[38;5;249mt[0m
[38;5;249mu[0m[38;5;2
49mr[0m[38;5;249mn[0
m[38;5;249m [0m(
 [38;5;240m   Γöé[0m 
               Γö¼  
 [38;5;240m   Γöé[0m 
               
Γò░ΓöÇΓöÇ Opened here
 [38;5;240m   Γöé[0m 
 [38;5;246m16 Γöé[0m 
[38;5;249m 
[0m[38;5;249m 
[0mconst[38;5;249m [
0m[38;5;249m{[0m[38;
5;249m [0m[38;5;249mi
[0m[38;5;249md[0m[3
8;5;249m [0m[38;5;249
m}[0m[38;5;249m [0m
[38;5;249m=[0m[38;5;2
49m [0m[38;5;249mu[0
m[38;5;249ms[0m[38;5
;249me[0m[38;5;249mP
[0m[38;5;249ma[0m[38
;5;249mr[0m[38;5;249m
a[0m[38;5;249mm[0m[
38;5;249ms[0m[38;5;24
9m([0m[38;5;249m)[0m
 [38;5;240m   Γöé[0m 
  ΓöÇΓöÇΓö¼ΓöÇΓöÇ  
 [38;5;240m   Γöé[0m 
    Γò░ΓöÇΓöÇΓöÇΓöÇ 
`,` or `)` expected
[38;5;246mΓöÇΓöÇΓöÇΓöÇ
Γò»[0m
[31m
    at aggregateBinding
ErrorsIntoJsError (file
:///E:/myProject/sports
Live/sportsLive/node_mo
dules/rolldown/dist/sha
red/error-BYPsvVEN.mjs:
52:18)
    at 
unwrapBindingResult (fi
le:///E:/myProject/spor
tsLive/sportsLive/node_
modules/rolldown/dist/s
hared/error-BYPsvVEN.mj
s:22:128)
    at #build (file:///
E:/myProject/sportsLive
/sportsLive/node_module
s/rolldown/dist/shared/
rolldown-build-BsRSEDqH
.mjs:3356:34)
    at async 
buildEnvironment (file:
///E:/myProject/sportsL
ive/sportsLive/node_mod
ules/vite/dist/node/chu
nks/node.js:32703:64)
    at async 
Object.build (file:///E
:/myProject/sportsLive/
sportsLive/node_modules
/vite/dist/node/chunks/
node.js:33125:19)
    at async 
Object.buildApp (file:/
//E:/myProject/sportsLi
ve/sportsLive/node_modu
les/vite/dist/node/chun
ks/node.js:33122:153)
    at async 
CAC.<anonymous> (file:/
//E:/myProject/sportsLi
ve/sportsLive/node_modu
les/vite/dist/node/cli.
js:642:3) {
  errors: 
[Getter/Setter]
}[39m
